[05:23:50.224] [INFO] Loaded config from: C:\Users\decid\AppData\Roaming\MicMap\config.json
[05:23:50.243] [INFO] Selected audio device: Microphone (3- Beyond)
[05:23:50.243] [ERROR] Failed to open file for reading: C:\Users\decid\AppData\Roaming\MicMap\training_data.bin
[05:23:50.244] [INFO] Audio format: 48000 Hz, 2 channels, 32 bits
[05:23:50.252] [INFO] Audio capture started (output: mono float32)
[05:23:50.257] [INFO] Connecting to MicMap driver...
[05:23:50.258] [INFO] Connected to MicMap driver on port {}27015
[05:23:50.258] [INFO] Initializing OpenVR input
[05:23:50.391] [INFO] OpenVR initialized successfully
[05:24:10.478] [INFO] Started noise detection training
[05:24:11.982] [INFO]   Energy min threshold: 6.01546e-05
[05:24:11.982] [INFO]   Energy CV threshold: 0.299677
[05:24:11.982] [INFO] Training complete: 150 samples
[05:24:11.982] [INFO]   Energy threshold: 0.000465177
[05:24:11.982] [INFO]   Correlation threshold: 0.49
[05:24:11.982] [INFO]   Flatness threshold: 0.352587
[05:24:11.983] [INFO] Saved training data to: C:\Users\decid\AppData\Roaming\MicMap\training_data.bin
[05:24:15.377] [INFO] Tap fired after 0ms
[05:24:16.317] [INFO] Tap fired after 0ms
[05:24:19.377] [INFO] Tap fired after 0ms
[05:24:45.208] [INFO] Tap fired after 0ms
[05:24:55.749] [INFO] Tap fired after 0ms
[05:25:01.929] [INFO] Tap fired after 0ms
[05:25:04.919] [INFO] Tap fired after 0ms
[05:25:21.780] [INFO] Tap fired after 0ms
[05:25:40.221] [INFO] Tap fired after 0ms
[05:25:42.671] [INFO] Tap fired after 0ms
[05:25:45.101] [INFO] Tap fired after 0ms
[05:25:50.441] [INFO] Tap fired after 0ms
[05:25:52.641] [INFO] Tap fired after 0ms
[05:26:03.162] [INFO] Tap fired after 0ms
